2023-02-23 16:23:29,214:40:INFO:info
2023-02-23 16:23:29,214:41:WARNING:warning
2023-02-23 16:23:29,214:42:Level 100:test
2023-02-23 16:23:29,214:44:INFO:info
2023-02-23 16:23:29,215:45:WARNING:warning
